****************************************
Report : report_utilization
Design : cpu16_core
Version: X-2025.06-SP3
Date   : Thu Sep 24 11:32:54 2026
****************************************
Utilization Ratio:			0.5109
Utilization options:
 - Area calculation based on:		site_row of block cpu16_core
 - Categories of objects excluded:	hard_macros macro_keepouts soft_macros io_cells hard_blockages 
Total Area:				8781.1835
Total Capacity Area:			8781.1835
Total Area of cells:			4486.4040
Area of excluded objects:
 - hard_macros         :		0.0000
 - macro_keepouts      :		0.0000
 - soft_macros         :		0.0000
 - io_cells            :		0.0000
 - hard_blockages      :		0.0000
Total Area of excluded objects:		0.0000
Ratio of excluded objects:		0.0000

Utilization of site-rows with:
 - Site 'unit':				0.5109

0.5109
