INFO: wire-opt feature for router enabled
INFO: wire-opt feature for router enabled
Cell Min-Routing-Layer = M1
Cell Max-Routing-Layer = M7
Turn off antenna since no rule is specified
Information: Option route.detail.force_end_on_preferred_grid will be ignored since none of the layers have preferred grid. (ZRT-703)
Warning: Cannot find a default contact code for layer CO. (ZRT-022)
Warning: Port VDD of cell cpu16_core is unplaced.  This may impact routing result. (ZRT-740)
Warning: Port VSS of cell cpu16_core is unplaced.  This may impact routing result. (ZRT-740)
Warning: Ignore 2 top cell ports with no pins. (ZRT-027)
Info: number of net_type_blockage: 0 
Information: Via ladder engine would be activated for pattern must join connection in certain commands. Please refer to man-page for the command list. (ZRT-619)
Information: AutoNdr rule can't be found. Check the settings.
Information: When applicable Min-max layer allow_pin_connection mode will allow paths of length 5.32 outside the layer range. (ZRT-707)
Information: When applicable Min-max layer allow_pin_connection mode will allow paths of length 5.32 outside the layer range on clock nets. (ZRT-718)
Information: When applicable layer based tapering will taper up to 0.00 in distance from the pin. (ZRT-706)


Start checking for open nets ... 

Total number of nets = 1675, of which 0 are not extracted
Total number of open nets = 0, of which 0 are frozen

Check 1675 nets, 0 have Errors

[CHECK OPEN NETS] Elapsed real time: 0:00:00 
[CHECK OPEN NETS] Elapsed cpu  time: sys=0:00:00 usr=0:00:00 total=0:00:00
[CHECK OPEN NETS] Stage (MB): Used    0  Alloctr    0  Proc    0 
[CHECK OPEN NETS] Total (MB): Used    0  Alloctr    0  Proc 5874 
Printing options for 'route.common.*'
common.eco_route_fix_existing_drc                       :	 true                
common.verbose_level                                    :	 0                   

Printing options for 'route.detail.*'
detail.antenna                                          :	 true                
detail.eco_route_use_soft_spacing_for_timing_optimization:	 true                
detail.enable_auto_ndr_flow                             :	 true                

Printing options for 'route.auto_via_ladder.*'

There are 0 out of total 1675 nets with relaxed min layer from GR.

Begin full DRC check ...

Information: Using 4 threads for routing. (ZRT-444)
Checked	1/4 Partitions, Violations =	31
Checked	2/4 Partitions, Violations =	95
Checked	3/4 Partitions, Violations =	121
Checked	4/4 Partitions, Violations =	192
[DRC CHECK] Elapsed real time: 0:00:00 
[DRC CHECK] Elapsed cpu  time: sys=0:00:00 usr=0:00:00 total=0:00:00
[DRC CHECK] Stage (MB): Used    0  Alloctr    0  Proc    0 
[DRC CHECK] Total (MB): Used    0  Alloctr    0  Proc 5874 
Warning: No antenna rules defined, Skip antenna analysis. (ZRT-309)
Information: Merged away 3 aligned/redundant DRCs. (ZRT-305)

DRC-SUMMARY:
	@@@@@@@ TOTAL VIOLATIONS =	189
	Diff net spacing : 27
	Less than minimum area : 5
	Needs fat contact : 55
	Off-grid : 102

Information: The app option "route.detail.report_soft_drc_separately" will be on-by-default in future release. (ZRT-807)
	@@@@@@@ TOTAL SOFT VIOLATIONS =	0


Total Wire Length =                    28674 micron
Total Number of Contacts =             12502
Total Number of Wires =                12411
Total Number of PtConns =              1641
Total Number of Routed Wires =       12404
Total Routed Wire Length =           28507 micron
Total Number of Routed Contacts =       12502
	Layer                 M1 :        604 micron
	Layer                 M2 :      12540 micron
	Layer                 M3 :      10185 micron
	Layer                 M4 :       2807 micron
	Layer                 M5 :       2361 micron
	Layer                 M6 :         10 micron
	Layer                 M7 :          0 micron
	Layer                 M8 :          0 micron
	Layer                 M9 :          0 micron
	Layer               MRDL :          0 micron
	Via            VIA56SQ_C :          3
	Via       VIA45SQ_C(rot) :        250
	Via            VIA34SQ_C :        754
	Via       VIA34SQ_C(rot) :          7
	Via            VIA23SQ_C :         68
	Via       VIA23SQ_C(rot) :       5543
	Via            VIA12SQ_C :       5319
	Via       VIA12SQ_C(rot) :        407
	Via        VIA12SQ_C_2x1 :         20
	Via   VIA12SQ_C(rot)_1x2 :         27
	Via        VIA12SQ_C_1x2 :         33
	Via          VIA12SQ_2x1 :          3
	Via          VIA12SQ_1x2 :         68

 
Redundant via conversion report:
--------------------------------

  Total optimized via conversion rate =  1.21% (151 / 12502 vias)
 
    Layer VIA1       =  2.57% (151    / 5877    vias)
        Weight 1     =  2.57% (151     vias)
        Un-optimized =  0.00% (0       vias)
        Un-mapped    = 97.43% (5726    vias)
    Layer VIA2       =  0.00% (0      / 5611    vias)
        Un-optimized =  0.00% (0       vias)
        Un-mapped    = 100.00% (5611    vias)
    Layer VIA3       =  0.00% (0      / 761     vias)
        Un-optimized =  0.00% (0       vias)
        Un-mapped    = 100.00% (761     vias)
    Layer VIA4       =  0.00% (0      / 250     vias)
        Un-optimized =  0.00% (0       vias)
        Un-mapped    = 100.00% (250     vias)
    Layer VIA5       =  0.00% (0      / 3       vias)
        Un-optimized =  0.00% (0       vias)
        Un-mapped    = 100.00% (3       vias)
 
  Total double via conversion rate    =  1.21% (151 / 12502 vias)
 
    Layer VIA1       =  2.57% (151    / 5877    vias)
    Layer VIA2       =  0.00% (0      / 5611    vias)
    Layer VIA3       =  0.00% (0      / 761     vias)
    Layer VIA4       =  0.00% (0      / 250     vias)
    Layer VIA5       =  0.00% (0      / 3       vias)
 
  The optimized via conversion rate based on total routed via count =  1.21% (151 / 12502 vias)
 
    Layer VIA1       =  2.57% (151    / 5877    vias)
        Weight 1     =  2.57% (151     vias)
        Un-optimized =  0.00% (0       vias)
        Un-mapped    = 97.43% (5726    vias)
    Layer VIA2       =  0.00% (0      / 5611    vias)
        Un-optimized =  0.00% (0       vias)
        Un-mapped    = 100.00% (5611    vias)
    Layer VIA3       =  0.00% (0      / 761     vias)
        Un-optimized =  0.00% (0       vias)
        Un-mapped    = 100.00% (761     vias)
    Layer VIA4       =  0.00% (0      / 250     vias)
        Un-optimized =  0.00% (0       vias)
        Un-mapped    = 100.00% (250     vias)
    Layer VIA5       =  0.00% (0      / 3       vias)
        Un-optimized =  0.00% (0       vias)
        Un-mapped    = 100.00% (3       vias)
 


Verify Summary:

Total number of nets = 1675, of which 0 are not extracted
Total number of open nets = 0, of which 0 are frozen
Total number of excluded ports = 0 ports of 0 unplaced cells connected to 0 nets
                                 0 ports without pins of 0 cells connected to 0 nets
                                 0 ports of 0 cover cells connected to 0 non-pg nets

Total number of DRCs = 189
Total number of antenna violations = no antenna rules defined
Total number of tie to rail violations = not checked
Total number of tie to rail directly violations = not checked

Total number of DRCs on M3 and below = 189

