 
****************************************
Report : timing
        -path full
        -delay max
        -max_paths 5
Design : cpu16_core
Version: Y-2026.03
Date   : Thu Sep 24 11:29:37 2026
****************************************

Operating Conditions: ss0p95v125c   Library: saed32rvt_ss0p95v125c
Wire Load Model Mode: enclosed

  Startpoint: u_dp/ir_reg[13]
              (rising edge-triggered flip-flop clocked by clk)
  Endpoint: u_dp/rf/r_reg[0][15]
            (rising edge-triggered flip-flop clocked by clk)
  Path Group: clk
  Path Type: max

  Des/Clust/Port     Wire Load Model       Library
  ------------------------------------------------
  cpu16_core         8000                  saed32rvt_ss0p95v125c

  Point                                    Incr       Path
  -----------------------------------------------------------
  clock clk (rise edge)                    0.00       0.00
  clock network delay (ideal)              0.00       0.00
  u_dp/ir_reg[13]/CLK (DFFX1_RVT)          0.00       0.00 r
  u_dp/ir_reg[13]/Q (DFFX1_RVT)            0.15       0.15 r
  U1111/Y (OR2X1_RVT)                      0.07       0.22 r
  U1112/Y (OR2X1_RVT)                      0.07       0.29 r
  U1120/Y (NOR2X0_RVT)                     0.10       0.39 f
  U1138/Y (NOR3X0_RVT)                     0.09       0.48 r
  U1140/Y (OR3X1_RVT)                      0.07       0.55 r
  U1141/Y (AOI21X1_RVT)                    0.07       0.62 f
  U1142/Y (OR2X1_RVT)                      0.06       0.68 f
  U1151/Y (OR3X1_RVT)                      0.09       0.77 f
  U1170/Y (OR2X1_RVT)                      0.10       0.87 f
  U1327/Y (INVX0_RVT)                      0.05       0.92 r
  U1329/Y (AO22X1_RVT)                     0.08       1.00 r
  U1333/Y (OR3X1_RVT)                      0.07       1.07 r
  U1334/Y (NOR3X0_RVT)                     0.10       1.17 f
  U1335/Y (OAI22X1_RVT)                    0.09       1.26 r
  U908/Y (XOR2X1_RVT)                      0.11       1.37 f
  U1336/Y (NOR2X0_RVT)                     0.08       1.46 r
  U1422/Y (OAI21X1_RVT)                    0.10       1.56 f
  U1423/Y (AOI21X1_RVT)                    0.07       1.62 r
  U1424/Y (OAI21X1_RVT)                    0.10       1.73 f
  U1584/Y (AOI21X1_RVT)                    0.10       1.83 r
  U1586/Y (OAI21X1_RVT)                    0.11       1.94 f
  U1605/Y (AOI21X1_RVT)                    0.10       2.04 r
  U936/Y (XOR2X1_RVT)                      0.11       2.15 f
  U1623/Y (AO21X1_RVT)                     0.05       2.20 f
  U1628/Y (OR2X1_RVT)                      0.05       2.25 f
  U1642/Y (NOR4X1_RVT)                     0.12       2.37 r
  U1643/Y (NOR2X0_RVT)                     0.07       2.44 f
  U1644/Y (OR2X1_RVT)                      0.05       2.50 f
  U1997/Y (INVX0_RVT)                      0.03       2.52 r
  U1998/Y (OR2X1_RVT)                      0.08       2.60 r
  U2021/Y (NOR2X0_RVT)                     0.09       2.69 f
  U2022/Y (OR2X1_RVT)                      0.04       2.73 f
  u_dp/rf/r_reg[0][15]/D (DFFX1_RVT)       0.00       2.73 f
  data arrival time                                   2.73

  clock clk (rise edge)                    3.00       3.00
  clock network delay (ideal)              0.00       3.00
  clock uncertainty                       -0.15       2.85
  u_dp/rf/r_reg[0][15]/CLK (DFFX1_RVT)     0.00       2.85 r
  library setup time                      -0.04       2.81
  data required time                                  2.81
  -----------------------------------------------------------
  data required time                                  2.81
  data arrival time                                  -2.73
  -----------------------------------------------------------
  slack (MET)                                         0.08


  Startpoint: u_dp/ir_reg[13]
              (rising edge-triggered flip-flop clocked by clk)
  Endpoint: u_dp/rf/r_reg[4][15]
            (rising edge-triggered flip-flop clocked by clk)
  Path Group: clk
  Path Type: max

  Des/Clust/Port     Wire Load Model       Library
  ------------------------------------------------
  cpu16_core         8000                  saed32rvt_ss0p95v125c

  Point                                    Incr       Path
  -----------------------------------------------------------
  clock clk (rise edge)                    0.00       0.00
  clock network delay (ideal)              0.00       0.00
  u_dp/ir_reg[13]/CLK (DFFX1_RVT)          0.00       0.00 r
  u_dp/ir_reg[13]/Q (DFFX1_RVT)            0.15       0.15 r
  U1111/Y (OR2X1_RVT)                      0.07       0.22 r
  U1112/Y (OR2X1_RVT)                      0.07       0.29 r
  U1120/Y (NOR2X0_RVT)                     0.10       0.39 f
  U1138/Y (NOR3X0_RVT)                     0.09       0.48 r
  U1140/Y (OR3X1_RVT)                      0.07       0.55 r
  U1141/Y (AOI21X1_RVT)                    0.07       0.62 f
  U1142/Y (OR2X1_RVT)                      0.06       0.68 f
  U1151/Y (OR3X1_RVT)                      0.09       0.77 f
  U1170/Y (OR2X1_RVT)                      0.10       0.87 f
  U1327/Y (INVX0_RVT)                      0.05       0.92 r
  U1329/Y (AO22X1_RVT)                     0.08       1.00 r
  U1333/Y (OR3X1_RVT)                      0.07       1.07 r
  U1334/Y (NOR3X0_RVT)                     0.10       1.17 f
  U1335/Y (OAI22X1_RVT)                    0.09       1.26 r
  U908/Y (XOR2X1_RVT)                      0.11       1.37 f
  U1336/Y (NOR2X0_RVT)                     0.08       1.46 r
  U1422/Y (OAI21X1_RVT)                    0.10       1.56 f
  U1423/Y (AOI21X1_RVT)                    0.07       1.62 r
  U1424/Y (OAI21X1_RVT)                    0.10       1.73 f
  U1584/Y (AOI21X1_RVT)                    0.10       1.83 r
  U1586/Y (OAI21X1_RVT)                    0.11       1.94 f
  U1605/Y (AOI21X1_RVT)                    0.10       2.04 r
  U936/Y (XOR2X1_RVT)                      0.11       2.15 f
  U1623/Y (AO21X1_RVT)                     0.05       2.20 f
  U1628/Y (OR2X1_RVT)                      0.05       2.25 f
  U1642/Y (NOR4X1_RVT)                     0.12       2.37 r
  U1643/Y (NOR2X0_RVT)                     0.07       2.44 f
  U1644/Y (OR2X1_RVT)                      0.05       2.50 f
  U1997/Y (INVX0_RVT)                      0.03       2.52 r
  U1998/Y (OR2X1_RVT)                      0.08       2.60 r
  U2009/Y (NOR2X0_RVT)                     0.09       2.69 f
  U2010/Y (OR2X1_RVT)                      0.04       2.73 f
  u_dp/rf/r_reg[4][15]/D (DFFX1_RVT)       0.00       2.73 f
  data arrival time                                   2.73

  clock clk (rise edge)                    3.00       3.00
  clock network delay (ideal)              0.00       3.00
  clock uncertainty                       -0.15       2.85
  u_dp/rf/r_reg[4][15]/CLK (DFFX1_RVT)     0.00       2.85 r
  library setup time                      -0.04       2.81
  data required time                                  2.81
  -----------------------------------------------------------
  data required time                                  2.81
  data arrival time                                  -2.73
  -----------------------------------------------------------
  slack (MET)                                         0.08


  Startpoint: u_dp/ir_reg[13]
              (rising edge-triggered flip-flop clocked by clk)
  Endpoint: u_dp/rf/r_reg[3][15]
            (rising edge-triggered flip-flop clocked by clk)
  Path Group: clk
  Path Type: max

  Des/Clust/Port     Wire Load Model       Library
  ------------------------------------------------
  cpu16_core         8000                  saed32rvt_ss0p95v125c

  Point                                    Incr       Path
  -----------------------------------------------------------
  clock clk (rise edge)                    0.00       0.00
  clock network delay (ideal)              0.00       0.00
  u_dp/ir_reg[13]/CLK (DFFX1_RVT)          0.00       0.00 r
  u_dp/ir_reg[13]/Q (DFFX1_RVT)            0.15       0.15 r
  U1111/Y (OR2X1_RVT)                      0.07       0.22 r
  U1112/Y (OR2X1_RVT)                      0.07       0.29 r
  U1120/Y (NOR2X0_RVT)                     0.10       0.39 f
  U1138/Y (NOR3X0_RVT)                     0.09       0.48 r
  U1140/Y (OR3X1_RVT)                      0.07       0.55 r
  U1141/Y (AOI21X1_RVT)                    0.07       0.62 f
  U1142/Y (OR2X1_RVT)                      0.06       0.68 f
  U1151/Y (OR3X1_RVT)                      0.09       0.77 f
  U1170/Y (OR2X1_RVT)                      0.10       0.87 f
  U1327/Y (INVX0_RVT)                      0.05       0.92 r
  U1329/Y (AO22X1_RVT)                     0.08       1.00 r
  U1333/Y (OR3X1_RVT)                      0.07       1.07 r
  U1334/Y (NOR3X0_RVT)                     0.10       1.17 f
  U1335/Y (OAI22X1_RVT)                    0.09       1.26 r
  U908/Y (XOR2X1_RVT)                      0.11       1.37 f
  U1336/Y (NOR2X0_RVT)                     0.08       1.46 r
  U1422/Y (OAI21X1_RVT)                    0.10       1.56 f
  U1423/Y (AOI21X1_RVT)                    0.07       1.62 r
  U1424/Y (OAI21X1_RVT)                    0.10       1.73 f
  U1584/Y (AOI21X1_RVT)                    0.10       1.83 r
  U1586/Y (OAI21X1_RVT)                    0.11       1.94 f
  U1605/Y (AOI21X1_RVT)                    0.10       2.04 r
  U936/Y (XOR2X1_RVT)                      0.11       2.15 f
  U1623/Y (AO21X1_RVT)                     0.05       2.20 f
  U1628/Y (OR2X1_RVT)                      0.05       2.25 f
  U1642/Y (NOR4X1_RVT)                     0.12       2.37 r
  U1643/Y (NOR2X0_RVT)                     0.07       2.44 f
  U1644/Y (OR2X1_RVT)                      0.05       2.50 f
  U1997/Y (INVX0_RVT)                      0.03       2.52 r
  U1998/Y (OR2X1_RVT)                      0.08       2.60 r
  U2028/Y (NOR2X0_RVT)                     0.09       2.69 f
  U2029/Y (OR2X1_RVT)                      0.04       2.73 f
  u_dp/rf/r_reg[3][15]/D (DFFX1_RVT)       0.00       2.73 f
  data arrival time                                   2.73

  clock clk (rise edge)                    3.00       3.00
  clock network delay (ideal)              0.00       3.00
  clock uncertainty                       -0.15       2.85
  u_dp/rf/r_reg[3][15]/CLK (DFFX1_RVT)     0.00       2.85 r
  library setup time                      -0.04       2.81
  data required time                                  2.81
  -----------------------------------------------------------
  data required time                                  2.81
  data arrival time                                  -2.73
  -----------------------------------------------------------
  slack (MET)                                         0.08


  Startpoint: u_dp/ir_reg[13]
              (rising edge-triggered flip-flop clocked by clk)
  Endpoint: u_dp/rf/r_reg[2][15]
            (rising edge-triggered flip-flop clocked by clk)
  Path Group: clk
  Path Type: max

  Des/Clust/Port     Wire Load Model       Library
  ------------------------------------------------
  cpu16_core         8000                  saed32rvt_ss0p95v125c

  Point                                    Incr       Path
  -----------------------------------------------------------
  clock clk (rise edge)                    0.00       0.00
  clock network delay (ideal)              0.00       0.00
  u_dp/ir_reg[13]/CLK (DFFX1_RVT)          0.00       0.00 r
  u_dp/ir_reg[13]/Q (DFFX1_RVT)            0.15       0.15 r
  U1111/Y (OR2X1_RVT)                      0.07       0.22 r
  U1112/Y (OR2X1_RVT)                      0.07       0.29 r
  U1120/Y (NOR2X0_RVT)                     0.10       0.39 f
  U1138/Y (NOR3X0_RVT)                     0.09       0.48 r
  U1140/Y (OR3X1_RVT)                      0.07       0.55 r
  U1141/Y (AOI21X1_RVT)                    0.07       0.62 f
  U1142/Y (OR2X1_RVT)                      0.06       0.68 f
  U1151/Y (OR3X1_RVT)                      0.09       0.77 f
  U1170/Y (OR2X1_RVT)                      0.10       0.87 f
  U1327/Y (INVX0_RVT)                      0.05       0.92 r
  U1329/Y (AO22X1_RVT)                     0.08       1.00 r
  U1333/Y (OR3X1_RVT)                      0.07       1.07 r
  U1334/Y (NOR3X0_RVT)                     0.10       1.17 f
  U1335/Y (OAI22X1_RVT)                    0.09       1.26 r
  U908/Y (XOR2X1_RVT)                      0.11       1.37 f
  U1336/Y (NOR2X0_RVT)                     0.08       1.46 r
  U1422/Y (OAI21X1_RVT)                    0.10       1.56 f
  U1423/Y (AOI21X1_RVT)                    0.07       1.62 r
  U1424/Y (OAI21X1_RVT)                    0.10       1.73 f
  U1584/Y (AOI21X1_RVT)                    0.10       1.83 r
  U1586/Y (OAI21X1_RVT)                    0.11       1.94 f
  U1605/Y (AOI21X1_RVT)                    0.10       2.04 r
  U936/Y (XOR2X1_RVT)                      0.11       2.15 f
  U1623/Y (AO21X1_RVT)                     0.05       2.20 f
  U1628/Y (OR2X1_RVT)                      0.05       2.25 f
  U1642/Y (NOR4X1_RVT)                     0.12       2.37 r
  U1643/Y (NOR2X0_RVT)                     0.07       2.44 f
  U1644/Y (OR2X1_RVT)                      0.05       2.50 f
  U1997/Y (INVX0_RVT)                      0.03       2.52 r
  U1998/Y (OR2X1_RVT)                      0.08       2.60 r
  U2045/Y (NOR2X0_RVT)                     0.09       2.69 f
  U2046/Y (OR2X1_RVT)                      0.04       2.73 f
  u_dp/rf/r_reg[2][15]/D (DFFX1_RVT)       0.00       2.73 f
  data arrival time                                   2.73

  clock clk (rise edge)                    3.00       3.00
  clock network delay (ideal)              0.00       3.00
  clock uncertainty                       -0.15       2.85
  u_dp/rf/r_reg[2][15]/CLK (DFFX1_RVT)     0.00       2.85 r
  library setup time                      -0.04       2.81
  data required time                                  2.81
  -----------------------------------------------------------
  data required time                                  2.81
  data arrival time                                  -2.73
  -----------------------------------------------------------
  slack (MET)                                         0.08


  Startpoint: u_dp/ir_reg[13]
              (rising edge-triggered flip-flop clocked by clk)
  Endpoint: u_dp/rf/r_reg[1][15]
            (rising edge-triggered flip-flop clocked by clk)
  Path Group: clk
  Path Type: max

  Des/Clust/Port     Wire Load Model       Library
  ------------------------------------------------
  cpu16_core         8000                  saed32rvt_ss0p95v125c

  Point                                    Incr       Path
  -----------------------------------------------------------
  clock clk (rise edge)                    0.00       0.00
  clock network delay (ideal)              0.00       0.00
  u_dp/ir_reg[13]/CLK (DFFX1_RVT)          0.00       0.00 r
  u_dp/ir_reg[13]/Q (DFFX1_RVT)            0.15       0.15 r
  U1111/Y (OR2X1_RVT)                      0.07       0.22 r
  U1112/Y (OR2X1_RVT)                      0.07       0.29 r
  U1120/Y (NOR2X0_RVT)                     0.10       0.39 f
  U1138/Y (NOR3X0_RVT)                     0.09       0.48 r
  U1140/Y (OR3X1_RVT)                      0.07       0.55 r
  U1141/Y (AOI21X1_RVT)                    0.07       0.62 f
  U1142/Y (OR2X1_RVT)                      0.06       0.68 f
  U1151/Y (OR3X1_RVT)                      0.09       0.77 f
  U1170/Y (OR2X1_RVT)                      0.10       0.87 f
  U1327/Y (INVX0_RVT)                      0.05       0.92 r
  U1329/Y (AO22X1_RVT)                     0.08       1.00 r
  U1333/Y (OR3X1_RVT)                      0.07       1.07 r
  U1334/Y (NOR3X0_RVT)                     0.10       1.17 f
  U1335/Y (OAI22X1_RVT)                    0.09       1.26 r
  U908/Y (XOR2X1_RVT)                      0.11       1.37 f
  U1336/Y (NOR2X0_RVT)                     0.08       1.46 r
  U1422/Y (OAI21X1_RVT)                    0.10       1.56 f
  U1423/Y (AOI21X1_RVT)                    0.07       1.62 r
  U1424/Y (OAI21X1_RVT)                    0.10       1.73 f
  U1584/Y (AOI21X1_RVT)                    0.10       1.83 r
  U1586/Y (OAI21X1_RVT)                    0.11       1.94 f
  U1605/Y (AOI21X1_RVT)                    0.10       2.04 r
  U936/Y (XOR2X1_RVT)                      0.11       2.15 f
  U1623/Y (AO21X1_RVT)                     0.05       2.20 f
  U1628/Y (OR2X1_RVT)                      0.05       2.25 f
  U1642/Y (NOR4X1_RVT)                     0.12       2.37 r
  U1643/Y (NOR2X0_RVT)                     0.07       2.44 f
  U1644/Y (OR2X1_RVT)                      0.05       2.50 f
  U1997/Y (INVX0_RVT)                      0.03       2.52 r
  U1998/Y (OR2X1_RVT)                      0.08       2.60 r
  U2016/Y (NOR2X0_RVT)                     0.09       2.69 f
  U2017/Y (OR2X1_RVT)                      0.04       2.73 f
  u_dp/rf/r_reg[1][15]/D (DFFX1_RVT)       0.00       2.73 f
  data arrival time                                   2.73

  clock clk (rise edge)                    3.00       3.00
  clock network delay (ideal)              0.00       3.00
  clock uncertainty                       -0.15       2.85
  u_dp/rf/r_reg[1][15]/CLK (DFFX1_RVT)     0.00       2.85 r
  library setup time                      -0.04       2.81
  data required time                                  2.81
  -----------------------------------------------------------
  data required time                                  2.81
  data arrival time                                  -2.73
  -----------------------------------------------------------
  slack (MET)                                         0.08


1
