Information: Updating design information... (UID-85)
 
****************************************
Report : qor
Design : cpu16_core
Version: Y-2026.03
Date   : Thu Sep 24 11:29:37 2026
****************************************


  Timing Path Group 'clk'
  -----------------------------------
  Levels of Logic:              32.00
  Critical Path Length:          2.73
  Critical Path Slack:           0.08
  Critical Path Clk Period:      3.00
  Total Negative Slack:          0.00
  No. of Violating Paths:        0.00
  Worst Hold Violation:          0.00
  Total Hold Violation:          0.00
  No. of Hold Violations:        0.00
  -----------------------------------


  Cell Count
  -----------------------------------
  Hierarchical Cell Count:          0
  Hierarchical Port Count:          0
  Leaf Cell Count:               1851
  Buf/Inv Cell Count:             155
  Buf Cell Count:                   1
  Inv Cell Count:                 154
  CT Buf/Inv Cell Count:            0
  Combinational Cell Count:      1652
  Sequential Cell Count:          199
  Macro Count:                      0
  -----------------------------------


  Area
  -----------------------------------
  Combinational Area:     3979.386784
  Noncombinational Area:  1314.941099
  Buf/Inv Area:            200.011328
  Total Buffer Area:             2.03
  Total Inverter Area:         197.98
  Macro/Black Box Area:      0.000000
  Net Area:               1112.335324
  -----------------------------------
  Cell Area:              5294.327883
  Design Area:            6406.663207


  Design Rules
  -----------------------------------
  Total Number of Nets:          2034
  Nets With Violations:             0
  Max Trans Violations:             0
  Max Cap Violations:               0
  -----------------------------------


  Hostname: linux-2637

  Compile CPU Statistics
  -----------------------------------------
  Resource Sharing:                    0.23
  Logic Optimization:                  0.65
  Mapping Optimization:                0.51
  -----------------------------------------
  Overall Compile Time:                4.93
  Overall Compile Wall Clock Time:     5.44

  --------------------------------------------------------------------

  Design  WNS: 0.00  TNS: 0.00  Number of Violating Paths: 0


  Design (Hold)  WNS: 0.00  TNS: 0.00  Number of Violating Paths: 0

  --------------------------------------------------------------------


1
